../Drivers/CMSIS/Include/core_cm4.h:1933:34:__NVIC_SystemReset	4	static,ignoring_inline_asm
../LoRaWAN/App/lora_app.c:363:6:LoRaWAN_Init	32	static
../LoRaWAN/App/lora_app.c:458:6:HAL_GPIO_EXTI_Callback	16	static
../LoRaWAN/App/lora_app.c:484:12:TMP117_ReadRaw	40	static
../LoRaWAN/App/lora_app.c:496:12:TMP117_ReadCentiC	32	static
../LoRaWAN/App/lora_app.c:511:13:OnRxData	56	static
../LoRaWAN/App/lora_app.c:591:13:SendTxData	280	static
../LoRaWAN/App/lora_app.c:682:13:OnTxTimerEvent	16	static
../LoRaWAN/App/lora_app.c:697:13:OnTxTimerLedEvent	16	static
../LoRaWAN/App/lora_app.c:702:13:OnRxTimerLedEvent	16	static
../LoRaWAN/App/lora_app.c:707:13:OnJoinTimerLedEvent	16	static
../LoRaWAN/App/lora_app.c:714:13:OnTxData	32	static
../LoRaWAN/App/lora_app.c:743:13:OnJoinRequest	24	static
../LoRaWAN/App/lora_app.c:773:13:OnBeaconStatusChange	96	static
../LoRaWAN/App/lora_app.c:808:13:OnSysTimeUpdate	4	static
../LoRaWAN/App/lora_app.c:815:13:OnClassChange	24	static
../LoRaWAN/App/lora_app.c:822:13:OnMacProcessNotify	8	static
../LoRaWAN/App/lora_app.c:834:13:OnTxPeriodicityChanged	16	static
../LoRaWAN/App/lora_app.c:856:13:OnTxFrameCtrlChanged	16	static
../LoRaWAN/App/lora_app.c:867:13:OnPingSlotPeriodicityChanged	16	static
../LoRaWAN/App/lora_app.c:878:13:OnSystemReset	8	static
../LoRaWAN/App/lora_app.c:892:13:StopJoin	8	static
../LoRaWAN/App/lora_app.c:929:13:OnStopJoinTimerEvent	16	static
../LoRaWAN/App/lora_app.c:945:13:StoreContext	16	static
../LoRaWAN/App/lora_app.c:967:13:OnNvmDataChange	16	static
../LoRaWAN/App/lora_app.c:985:13:OnStoreContextRequest	16	static
../LoRaWAN/App/lora_app.c:1000:13:OnRestoreContextRequest	16	static
