../Drivers/CMSIS/Include/core_cm4.h:1933:34:__NVIC_SystemReset	4	static,ignoring_inline_asm
../LoRaWAN/App/lora_app.c:363:6:LoRaWAN_Init	32	static
../LoRaWAN/App/lora_app.c:458:6:HAL_GPIO_EXTI_Callback	16	static
../LoRaWAN/App/lora_app.c:490:12:SHT45_ReadTempAndHumidity	40	static
../LoRaWAN/App/lora_app.c:526:13:OnRxData	56	static
../LoRaWAN/App/lora_app.c:606:13:SendTxData	304	static
../LoRaWAN/App/lora_app.c:720:13:OnTxTimerEvent	16	static
../LoRaWAN/App/lora_app.c:735:13:OnTxTimerLedEvent	16	static
../LoRaWAN/App/lora_app.c:740:13:OnRxTimerLedEvent	16	static
../LoRaWAN/App/lora_app.c:745:13:OnJoinTimerLedEvent	16	static
../LoRaWAN/App/lora_app.c:752:13:OnTxData	32	static
../LoRaWAN/App/lora_app.c:781:13:OnJoinRequest	24	static
../LoRaWAN/App/lora_app.c:811:13:OnBeaconStatusChange	96	static
../LoRaWAN/App/lora_app.c:846:13:OnSysTimeUpdate	4	static
../LoRaWAN/App/lora_app.c:853:13:OnClassChange	24	static
../LoRaWAN/App/lora_app.c:860:13:OnMacProcessNotify	8	static
../LoRaWAN/App/lora_app.c:872:13:OnTxPeriodicityChanged	16	static
../LoRaWAN/App/lora_app.c:894:13:OnTxFrameCtrlChanged	16	static
../LoRaWAN/App/lora_app.c:905:13:OnPingSlotPeriodicityChanged	16	static
../LoRaWAN/App/lora_app.c:916:13:OnSystemReset	8	static
../LoRaWAN/App/lora_app.c:930:13:StopJoin	8	static
../LoRaWAN/App/lora_app.c:967:13:OnStopJoinTimerEvent	16	static
../LoRaWAN/App/lora_app.c:983:13:StoreContext	16	static
../LoRaWAN/App/lora_app.c:1005:13:OnNvmDataChange	16	static
../LoRaWAN/App/lora_app.c:1023:13:OnStoreContextRequest	16	static
../LoRaWAN/App/lora_app.c:1038:13:OnRestoreContextRequest	16	static
